// Jest Snapshot v1, https://goo.gl/fbAQLP

exports[`<CardList/> should match snapshot 1`] = `
ShallowWrapper {
  "length": 1,
  Symbol(enzyme.__root__): [Circular],
  Symbol(enzyme.__unrendered__): <CardList />,
  Symbol(enzyme.__renderer__): Object {
    "batchedUpdates": [Function],
    "getNode": [Function],
    "render": [Function],
    "simulateEvent": [Function],
    "unmount": [Function],
  },
  Symbol(enzyme.__node__): Object {
    "instance": null,
    "key": undefined,
    "nodeType": "host",
    "props": Object {
      "children": <div>
        <img
                height="200px"
                src="https://cdnb.artstation.com/p/assets/images/images/003/827/899/original/matthew-garwin-loading-vector.gif?1477723699"
                width="200px"
        />
</div>,
      "className": "card-list",
    },
    "ref": null,
    "rendered": Object {
      "instance": null,
      "key": undefined,
      "nodeType": "host",
      "props": Object {
        "children": <img
          height="200px"
          src="https://cdnb.artstation.com/p/assets/images/images/003/827/899/original/matthew-garwin-loading-vector.gif?1477723699"
          width="200px"
/>,
      },
      "ref": null,
      "rendered": Object {
        "instance": null,
        "key": undefined,
        "nodeType": "host",
        "props": Object {
          "height": "200px",
          "src": "https://cdnb.artstation.com/p/assets/images/images/003/827/899/original/matthew-garwin-loading-vector.gif?1477723699",
          "width": "200px",
        },
        "ref": null,
        "rendered": null,
        "type": "img",
      },
      "type": "div",
    },
    "type": "div",
  },
  Symbol(enzyme.__nodes__): Array [
    Object {
      "instance": null,
      "key": undefined,
      "nodeType": "host",
      "props": Object {
        "children": <div>
          <img
                    height="200px"
                    src="https://cdnb.artstation.com/p/assets/images/images/003/827/899/original/matthew-garwin-loading-vector.gif?1477723699"
                    width="200px"
          />
</div>,
        "className": "card-list",
      },
      "ref": null,
      "rendered": Object {
        "instance": null,
        "key": undefined,
        "nodeType": "host",
        "props": Object {
          "children": <img
            height="200px"
            src="https://cdnb.artstation.com/p/assets/images/images/003/827/899/original/matthew-garwin-loading-vector.gif?1477723699"
            width="200px"
/>,
        },
        "ref": null,
        "rendered": Object {
          "instance": null,
          "key": undefined,
          "nodeType": "host",
          "props": Object {
            "height": "200px",
            "src": "https://cdnb.artstation.com/p/assets/images/images/003/827/899/original/matthew-garwin-loading-vector.gif?1477723699",
            "width": "200px",
          },
          "ref": null,
          "rendered": null,
          "type": "img",
        },
        "type": "div",
      },
      "type": "div",
    },
  ],
  Symbol(enzyme.__options__): Object {
    "adapter": ReactSixteenAdapter {
      "options": Object {
        "enableComponentDidUpdateOnSetState": true,
      },
    },
  },
}
`;
