// Jest Snapshot v1, https://goo.gl/fbAQLP

exports[`<PeopleVideo/> should match snapshot 1`] = `<PeopleVideo />`;
