// Jest Snapshot v1, https://goo.gl/fbAQLP

exports[`<PlanetVideo/> should match snapshot 1`] = `<PlanetsVideo />`;
