// Jest Snapshot v1, https://goo.gl/fbAQLP

exports[`<FavoriteCard/> should match snapshot 1`] = `<FavoriteCard />`;
