// Jest Snapshot v1, https://goo.gl/fbAQLP

exports[`<CardListNav/> should match snapshot 1`] = `<CardListNav />`;
