// Jest Snapshot v1, https://goo.gl/fbAQLP

exports[`<PeopleCard/> should match snapshot 1`] = `<PeopleCard />`;
